Archive member included to satisfy reference by file (symbol)

d:/armgcc_v10_3/armgcc_v10_3/bin/../lib/gcc/arm-none-eabi/10.3.1/../../../../arm-none-eabi/lib/thumb/v7e-m+fp/hard\libg_nano.a(lib_a-exit.o)
                              d:/armgcc_v10_3/armgcc_v10_3/bin/../lib/gcc/arm-none-eabi/10.3.1/../../../../arm-none-eabi/lib/thumb/v7e-m+fp/hard/crt0.o (exit)
d:/armgcc_v10_3/armgcc_v10_3/bin/../lib/gcc/arm-none-eabi/10.3.1/../../../../arm-none-eabi/lib/thumb/v7e-m+fp/hard\libg_nano.a(lib_a-impure.o)
                              d:/armgcc_v10_3/armgcc_v10_3/bin/../lib/gcc/arm-none-eabi/10.3.1/../../../../arm-none-eabi/lib/thumb/v7e-m+fp/hard\libg_nano.a(lib_a-exit.o) (_global_impure_ptr)
d:/armgcc_v10_3/armgcc_v10_3/bin/../lib/gcc/arm-none-eabi/10.3.1/../../../../arm-none-eabi/lib/thumb/v7e-m+fp/hard\libg_nano.a(lib_a-init.o)
                              d:/armgcc_v10_3/armgcc_v10_3/bin/../lib/gcc/arm-none-eabi/10.3.1/../../../../arm-none-eabi/lib/thumb/v7e-m+fp/hard/crt0.o (__libc_init_array)
d:/armgcc_v10_3/armgcc_v10_3/bin/../lib/gcc/arm-none-eabi/10.3.1/../../../../arm-none-eabi/lib/thumb/v7e-m+fp/hard\libg_nano.a(lib_a-memcpy-stub.o)
                              ../../Target/debug/obj/cmsis_os2.o (memcpy)
d:/armgcc_v10_3/armgcc_v10_3/bin/../lib/gcc/arm-none-eabi/10.3.1/../../../../arm-none-eabi/lib/thumb/v7e-m+fp/hard\libg_nano.a(lib_a-memset.o)
                              d:/armgcc_v10_3/armgcc_v10_3/bin/../lib/gcc/arm-none-eabi/10.3.1/../../../../arm-none-eabi/lib/thumb/v7e-m+fp/hard/crt0.o (memset)

Discarded input sections

 .text          0x00000000        0x0 d:/armgcc_v10_3/armgcc_v10_3/bin/../lib/gcc/arm-none-eabi/10.3.1/thumb/v7e-m+fp/hard/crti.o
 .data          0x00000000        0x0 d:/armgcc_v10_3/armgcc_v10_3/bin/../lib/gcc/arm-none-eabi/10.3.1/thumb/v7e-m+fp/hard/crti.o
 .bss           0x00000000        0x0 d:/armgcc_v10_3/armgcc_v10_3/bin/../lib/gcc/arm-none-eabi/10.3.1/thumb/v7e-m+fp/hard/crti.o
 .data          0x00000000        0x4 d:/armgcc_v10_3/armgcc_v10_3/bin/../lib/gcc/arm-none-eabi/10.3.1/thumb/v7e-m+fp/hard/crtbegin.o
 .rodata        0x00000000       0x24 d:/armgcc_v10_3/armgcc_v10_3/bin/../lib/gcc/arm-none-eabi/10.3.1/thumb/v7e-m+fp/hard/crtbegin.o
 .text          0x00000000       0x7c d:/armgcc_v10_3/armgcc_v10_3/bin/../lib/gcc/arm-none-eabi/10.3.1/../../../../arm-none-eabi/lib/thumb/v7e-m+fp/hard/crt0.o
 .data          0x00000000        0x0 d:/armgcc_v10_3/armgcc_v10_3/bin/../lib/gcc/arm-none-eabi/10.3.1/../../../../arm-none-eabi/lib/thumb/v7e-m+fp/hard/crt0.o
 .bss           0x00000000        0x0 d:/armgcc_v10_3/armgcc_v10_3/bin/../lib/gcc/arm-none-eabi/10.3.1/../../../../arm-none-eabi/lib/thumb/v7e-m+fp/hard/crt0.o
 .ARM.extab     0x00000000        0x0 d:/armgcc_v10_3/armgcc_v10_3/bin/../lib/gcc/arm-none-eabi/10.3.1/../../../../arm-none-eabi/lib/thumb/v7e-m+fp/hard/crt0.o
 .ARM.exidx     0x00000000       0x10 d:/armgcc_v10_3/armgcc_v10_3/bin/../lib/gcc/arm-none-eabi/10.3.1/../../../../arm-none-eabi/lib/thumb/v7e-m+fp/hard/crt0.o
 .ARM.attributes
                0x00000000       0x1c d:/armgcc_v10_3/armgcc_v10_3/bin/../lib/gcc/arm-none-eabi/10.3.1/../../../../arm-none-eabi/lib/thumb/v7e-m+fp/hard/crt0.o
 .text          0x00000000        0x0 ../../Target/debug/obj/ApplicationGateway.o
 .data          0x00000000        0x0 ../../Target/debug/obj/ApplicationGateway.o
 .bss           0x00000000        0x0 ../../Target/debug/obj/ApplicationGateway.o
 .data.message1
                0x00000000        0xc ../../Target/debug/obj/ApplicationGateway.o
 .text          0x00000000        0x0 ../../Target/debug/obj/SignalProcessor.o
 .data          0x00000000        0x0 ../../Target/debug/obj/SignalProcessor.o
 .bss           0x00000000        0x0 ../../Target/debug/obj/SignalProcessor.o
 .text          0x00000000        0x0 ../../Target/debug/obj/SchM_Can.o
 .data          0x00000000        0x0 ../../Target/debug/obj/SchM_Can.o
 .bss           0x00000000        0x0 ../../Target/debug/obj/SchM_Can.o
 .text.SchM_Enter_Can_CAN_EXCLUSIVE_AREA_00
                0x00000000       0x2c ../../Target/debug/obj/SchM_Can.o
 .text.SchM_Enter_Can_CAN_EXCLUSIVE_AREA_01
                0x00000000       0x2c ../../Target/debug/obj/SchM_Can.o
 .text.SchM_Enter_Can_CAN_EXCLUSIVE_AREA_02
                0x00000000       0x2c ../../Target/debug/obj/SchM_Can.o
 .text.SchM_Enter_Can_CAN_EXCLUSIVE_AREA_03
                0x00000000       0x2c ../../Target/debug/obj/SchM_Can.o
 .text.SchM_Enter_Can_CAN_EXCLUSIVE_AREA_04
                0x00000000       0x2c ../../Target/debug/obj/SchM_Can.o
 .text.SchM_Enter_Can_CAN_EXCLUSIVE_AREA_05
                0x00000000       0x2c ../../Target/debug/obj/SchM_Can.o
 .text.SchM_Enter_Can_CAN_EXCLUSIVE_AREA_07
                0x00000000       0x2c ../../Target/debug/obj/SchM_Can.o
 .text.SchM_Enter_Can_CAN_EXCLUSIVE_AREA_08
                0x00000000       0x2c ../../Target/debug/obj/SchM_Can.o
 .text.SchM_Enter_Can_CAN_EXCLUSIVE_AREA_09
[...]
Memory Configuration

Name             Origin             Length             Attributes
CCMRAM           0x10000000         0x00010000         xrw
RAM              0x20000000         0x00020000         xrw
FLASH            0x08000000         0x00100000         xr
*default*        0x00000000         0xffffffff

Linker script and memory map

LOAD d:/armgcc_v10_3/armgcc_v10_3/bin/../lib/gcc/arm-none-eabi/10.3.1/thumb/v7e-m+fp/hard/crti.o
LOAD d:/armgcc_v10_3/armgcc_v10_3/bin/../lib/gcc/arm-none-eabi/10.3.1/thumb/v7e-m+fp/hard/crtbegin.o
LOAD d:/armgcc_v10_3/armgcc_v10_3/bin/../lib/gcc/arm-none-eabi/10.3.1/../../../../arm-none-eabi/lib/thumb/v7e-m+fp/hard/crt0.o
LOAD ../../Target/debug/obj/ApplicationGateway.o
LOAD ../../Target/debug/obj/SignalProcessor.o
LOAD ../../Target/debug/obj/SchM_Can.o
LOAD ../../Target/debug/obj/cmsis_os2.o
LOAD ../../Target/debug/obj/croutine.o
LOAD ../../Target/debug/obj/event_groups.o
LOAD ../../Target/debug/obj/freertos.o
LOAD ../../Target/debug/obj/list.o
LOAD ../../Target/debug/obj/ARM_port.o
LOAD ../../Target/debug/obj/heap_4.o
LOAD ../../Target/debug/obj/queue.o
LOAD ../../Target/debug/obj/stream_buffer.o
LOAD ../../Target/debug/obj/tasks.o
LOAD ../../Target/debug/obj/timers.o
LOAD ../../Target/debug/obj/main.o
LOAD ../../Target/debug/obj/Can_Cfg.o
LOAD ../../Target/debug/obj/Can.o
LOAD ../../Target/debug/obj/Can_Flexcan.o
LOAD ../../Target/debug/obj/Can_Irq.o
LOAD ../../Target/debug/obj/Dio_Cfg.o
LOAD ../../Target/debug/obj/Dio.o
LOAD ../../Target/debug/obj/Gpt_Cfg.o
LOAD ../../Target/debug/obj/Gpt.o
LOAD ../../Target/debug/obj/Mcu_Config.o
LOAD ../../Target/debug/obj/Mcu.o
LOAD ../../Target/debug/obj/Port_Cfg.o
LOAD ../../Target/debug/obj/Port.o
LOAD ../../Target/debug/obj/Os_Callout.o
LOAD ../../Target/debug/obj/IntSrc.o
LOAD ../../Target/debug/obj/system_stm32f4xx.o
LOAD ../../Target/debug/obj/startup_stm32f407vgtx.o
START GROUP
LOAD d:/armgcc_v10_3/armgcc_v10_3/bin/../lib/gcc/arm-none-eabi/10.3.1/thumb/v7e-m+fp/hard\libgcc.a
LOAD d:/armgcc_v10_3/armgcc_v10_3/bin/../lib/gcc/arm-none-eabi/10.3.1/../../../../arm-none-eabi/lib/thumb/v7e-m+fp/hard\libg_nano.a
LOAD d:/armgcc_v10_3/armgcc_v10_3/bin/../lib/gcc/arm-none-eabi/10.3.1/../../../../arm-none-eabi/lib/thumb/v7e-m+fp/hard\libc_nano.a
END GROUP
START GROUP
LOAD d:/armgcc_v10_3/armgcc_v10_3/bin/../lib/gcc/arm-none-eabi/10.3.1/thumb/v7e-m+fp/hard\libgcc.a
LOAD d:/armgcc_v10_3/armgcc_v10_3/bin/../lib/gcc/arm-none-eabi/10.3.1/../../../../arm-none-eabi/lib/thumb/v7e-m+fp/hard\libc_nano.a
END GROUP
LOAD d:/armgcc_v10_3/armgcc_v10_3/bin/../lib/gcc/arm-none-eabi/10.3.1/thumb/v7e-m+fp/hard/crtend.o
LOAD d:/armgcc_v10_3/armgcc_v10_3/bin/../lib/gcc/arm-none-eabi/10.3.1/thumb/v7e-m+fp/hard/crtn.o
                0x20020000                _estack = (ORIGIN (RAM) + LENGTH (RAM))
                0x00000200                _Min_Heap_Size = 0x200
                0x00000400                _Min_Stack_Size = 0x400

.isr_vector     0x08000000      0x188
                0x08000000                . = ALIGN (0x4)
 *(.isr_vector)
 .isr_vector    0x08000000      0x188 ../../Target/debug/obj/startup_stm32f407vgtx.o
                0x08000000                g_pfnVectors
                0x08000188                . = ALIGN (0x4)

.text           0x08000190     0x3fac
                0x08000190                . = ALIGN (0x4)
 *(.text)
 .text          0x08000190       0x40 d:/armgcc_v10_3/armgcc_v10_3/bin/../lib/gcc/arm-none-eabi/10.3.1/thumb/v7e-m+fp/hard/crtbegin.o
 *(.text*)
 .text.PackCanDataBus
                0x080001d0       0x20 ../../Target/debug/obj/ApplicationGateway.o
 .text.Led_Blink
                0x080001f0       0x48 ../../Target/debug/obj/ApplicationGateway.o
 .text.Actuator_DoorOpenCloseIndicatorLed
                0x08000238       0x14 ../../Target/debug/obj/ApplicationGateway.o
 .text.Actuator_TurnIndicatorLed
                0x0800024c       0x50 ../../Target/debug/obj/ApplicationGateway.o
 .text.Actuator_WindowLifterActuator
                0x0800029c       0x3c ../../Target/debug/obj/ApplicationGateway.o
 .text.Actuator_DoorLockIndicatorLed
                0x080002d8       0x4c ../../Target/debug/obj/ApplicationGateway.o
 .text.Actuator_SeatBeltIndicatorLed
                0x08000324       0x14 ../../Target/debug/obj/ApplicationGateway.o
 .text.SendCanDataOnBus
                0x08000338       0x1c ../../Target/debug/obj/ApplicationGateway.o
 .text.Gateway_10ms_Task
                0x08000354       0x30 ../../Target/debug/obj/ApplicationGateway.o
                0x08000354                Gateway_10ms_Task
 .text.Gateway_100ms_Task
                0x08000384       0x20 ../../Target/debug/obj/ApplicationGateway.o
                0x08000384                Gateway_100ms_Task
 .text.Can_Data_Read
                0x080003a4       0x54 ../../Target/debug/obj/SignalProcessor.o
 .text.DIO_Data_Read
                0x080003f8       0x34 ../../Target/debug/obj/SignalProcessor.o
 .text.Signal_Process_5ms_Task
                0x0800042c       0x24 ../../Target/debug/obj/SignalProcessor.o
                0x0800042c                Signal_Process_5ms_Task
 .text.CanIf_RxIndicationAsr403
                0x08000450       0x68 ../../Target/debug/obj/SignalProcessor.o
                0x08000450                CanIf_RxIndicationAsr403
 .text.Can_schm_read_msr
                0x080004b8        0x6 ../../Target/debug/obj/SchM_Can.o
                0x080004b8                Can_schm_read_msr
 *fill*         0x080004be        0x2 
 .text.SchM_Enter_Can_CAN_EXCLUSIVE_AREA_06
                0x080004c0       0x2c ../../Target/debug/obj/SchM_Can.o
                0x080004c0                SchM_Enter_Can_CAN_EXCLUSIVE_AREA_06
 .text.SchM_Exit_Can_CAN_EXCLUSIVE_AREA_06
                0x080004ec       0x24 ../../Target/debug/obj/SchM_Can.o
                0x080004ec                SchM_Exit_Can_CAN_EXCLUSIVE_AREA_06
 .text.osKernelInitialize
                0x08000510       0x24 ../../Target/debug/obj/cmsis_os2.o
                0x08000510                osKernelInitialize
 .text.osKernelStart
                0x08000534       0x38 ../../Target/debug/obj/cmsis_os2.o
                0x08000534                osKernelStart
 .text.osThreadNew
                0x0800056c       0xbc ../../Target/debug/obj/cmsis_os2.o
                0x0800056c                osThreadNew
 .text.osDelay  0x08000628       0x1c ../../Target/debug/obj/cmsis_os2.o
                0x08000628                osDelay
 .text.vApplicationGetIdleTaskMemory
                0x08000644       0x18 ../../Target/debug/obj/cmsis_os2.o
                0x08000644                vApplicationGetIdleTaskMemory
 .text.vApplicationGetTimerTaskMemory
                0x0800065c       0x18 ../../Target/debug/obj/cmsis_os2.o
                0x0800065c                vApplicationGetTimerTaskMemory
 .text.vListInitialise
                0x08000674       0x16 ../../Target/debug/obj/list.o
                0x08000674                vListInitialise
 .text.vListInitialiseItem
                0x0800068a        0x6 ../../Target/debug/obj/list.o
                0x0800068a                vListInitialiseItem
 .text.vListInsertEnd
                0x08000690       0x16 ../../Target/debug/obj/list.o
                0x08000690                vListInsertEnd
 .text.vListInsert
                0x080006a6       0x32 ../../Target/debug/obj/list.o
                0x080006a6                vListInsert
 .text.uxListRemove
                0x080006d8       0x26 ../../Target/debug/obj/list.o
                0x080006d8                uxListRemove
 *fill*         0x080006fe        0x2 
 .text.prvTaskExitError
                0x08000700       0x40 ../../Target/debug/obj/ARM_port.o
 .text.prvPortStartFirstTask
                0x08000740       0x28 ../../Target/debug/obj/ARM_port.o
 .text.vPortEnableVFP
                0x08000768       0x14 ../../Target/debug/obj/ARM_port.o
 .text.pxPortInitialiseStack
                0x0800077c       0x2c ../../Target/debug/obj/ARM_port.o
                0x0800077c                pxPortInitialiseStack
 *fill*         0x080007a8        0x8 
 .text.SVC_Handler
                0x080007b0       0x24 ../../Target/debug/obj/ARM_port.o
                0x080007b0                SVC_Handler
 .text.vPortEnterCritical
                0x080007d4       0x44 ../../Target/debug/obj/ARM_port.o
                0x080007d4                vPortEnterCritical
 .text.vPortExitCritical
                0x08000818       0x2c ../../Target/debug/obj/ARM_port.o
                0x08000818                vPortExitCritical
 *fill*         0x08000844        0xc 
 .text.PendSV_Handler
                0x08000850       0x64 ../../Target/debug/obj/ARM_port.o
                0x08000850                PendSV_Handler
 .text.xPortSysTickHandler
                0x080008b4       0x2c ../../Target/debug/obj/ARM_port.o
                0x080008b4                xPortSysTickHandler
 .text.vPortSetupTimerInterrupt
                0x080008e0       0x28 ../../Target/debug/obj/ARM_port.o
                0x080008e0                vPortSetupTimerInterrupt
 .text.xPortStartScheduler
                0x08000908      0x118 ../../Target/debug/obj/ARM_port.o
                0x08000908                xPortStartScheduler
 .text.vPortValidateInterruptPriority
                0x08000a20       0x5c ../../Target/debug/obj/ARM_port.o
                0x08000a20                vPortValidateInterruptPriority
 .text.prvHeapInit
                0x08000a7c       0x64 ../../Target/debug/obj/heap_4.o
 .text.prvInsertBlockIntoFreeList
                0x08000ae0       0x64 ../../Target/debug/obj/heap_4.o
 .text.pvPortMalloc
                0x08000b44       0xfc ../../Target/debug/obj/heap_4.o
                0x08000b44                pvPortMalloc
 .text.vPortFree
                0x08000c40       0x7c ../../Target/debug/obj/heap_4.o
                0x08000c40                vPortFree
 .text.prvIsQueueFull
                0x08000cbc       0x1e ../../Target/debug/obj/queue.o
 .text.prvIsQueueEmpty
                0x08000cda       0x1a ../../Target/debug/obj/queue.o
 .text.prvCopyDataToQueue
                0x08000cf4       0x76 ../../Target/debug/obj/queue.o
 .text.prvCopyDataFromQueue
                0x08000d6a       0x24 ../../Target/debug/obj/queue.o
 .text.prvUnlockQueue
                0x08000d8e       0x6e ../../Target/debug/obj/queue.o
 .text.xQueueGenericReset
                0x08000dfc       0x6c ../../Target/debug/obj/queue.o
                0x08000dfc                xQueueGenericReset
 .text.prvInitialiseNewQueue
                0x08000e68       0x22 ../../Target/debug/obj/queue.o
 .text.xQueueGenericCreateStatic
                0x08000e8a       0x94 ../../Target/debug/obj/queue.o
                0x08000e8a                xQueueGenericCreateStatic
 .text.xQueueGenericSend
                0x08000f1e      0x158 ../../Target/debug/obj/queue.o
                0x08000f1e                xQueueGenericSend
 .text.xQueueGenericSendFromISR
                0x08001076       0xce ../../Target/debug/obj/queue.o
                0x08001076                xQueueGenericSendFromISR
 .text.xQueueReceive
                0x08001144      0x146 ../../Target/debug/obj/queue.o
                0x08001144                xQueueReceive
 *fill*         0x0800128a        0x2 
 .text.vQueueAddToRegistry
                0x0800128c       0x28 ../../Target/debug/obj/queue.o
                0x0800128c                vQueueAddToRegistry
 .text.vQueueWaitForMessageRestricted
                0x080012b4       0x52 ../../Target/debug/obj/queue.o
                0x080012b4                vQueueWaitForMessageRestricted
 *fill*         0x08001306        0x2 
 .text.prvResetNextTaskUnblockTime
                0x08001308       0x2c ../../Target/debug/obj/tasks.o
 .text.prvInitialiseNewTask
                0x08001334       0xa6 ../../Target/debug/obj/tasks.o
 *fill*         0x080013da        0x2 
 .text.prvInitialiseTaskLists
                0x080013dc       0x68 ../../Target/debug/obj/tasks.o
 .text.prvAddNewTaskToReadyList
                0x08001444       0x90 ../../Target/debug/obj/tasks.o
 .text.prvDeleteTCB
                0x080014d4       0x38 ../../Target/debug/obj/tasks.o
 .text.prvCheckTasksWaitingTermination
                0x0800150c       0x4c ../../Target/debug/obj/tasks.o
 .text.prvIdleTask
                0x08001558       0x1c ../../Target/debug/obj/tasks.o
 .text.prvAddCurrentTaskToDelayedList
                0x08001574       0x7c ../../Target/debug/obj/tasks.o
 .text.xTaskCreateStatic
                0x080015f0       0x76 ../../Target/debug/obj/tasks.o
                0x080015f0                xTaskCreateStatic
 .text.xTaskCreate
                0x08001666       0x68 ../../Target/debug/obj/tasks.o
                0x08001666                xTaskCreate
 *fill*         0x080016ce        0x2 
 .text.vTaskStartScheduler
                0x080016d0       0x9c ../../Target/debug/obj/tasks.o
                0x080016d0                vTaskStartScheduler
 .text.vTaskSuspendAll
                0x0800176c       0x10 ../../Target/debug/obj/tasks.o
                0x0800176c                vTaskSuspendAll
 .text.xTaskGetTickCount
                0x0800177c        0xc ../../Target/debug/obj/tasks.o
                0x0800177c                xTaskGetTickCount
 .text.xTaskIncrementTick
                0x08001788       0xe0 ../../Target/debug/obj/tasks.o
                0x08001788                xTaskIncrementTick
 .text.xTaskResumeAll
                0x08001868       0xd8 ../../Target/debug/obj/tasks.o
                0x08001868                xTaskResumeAll
 .text.vTaskDelay
                0x08001940       0x4c ../../Target/debug/obj/tasks.o
                0x08001940                vTaskDelay
 .text.vTaskSwitchContext
                0x0800198c       0x94 ../../Target/debug/obj/tasks.o
                0x0800198c                vTaskSwitchContext
 .text.vTaskPlaceOnEventList
                0x08001a20       0x30 ../../Target/debug/obj/tasks.o
                0x08001a20                vTaskPlaceOnEventList
 .text.vTaskPlaceOnEventListRestricted
                0x08001a50       0x38 ../../Target/debug/obj/tasks.o
                0x08001a50                vTaskPlaceOnEventListRestricted
 .text.xTaskRemoveFromEventList
                0x08001a88       0x8c ../../Target/debug/obj/tasks.o
                0x08001a88                xTaskRemoveFromEventList
 .text.vTaskInternalSetTimeOutState
                0x08001b14       0x18 ../../Target/debug/obj/tasks.o
                0x08001b14                vTaskInternalSetTimeOutState
 .text.xTaskCheckForTimeOut
                0x08001b2c       0x84 ../../Target/debug/obj/tasks.o
                0x08001b2c                xTaskCheckForTimeOut
 .text.vTaskMissedYield
                0x08001bb0        0xc ../../Target/debug/obj/tasks.o
                0x08001bb0                vTaskMissedYield
 .text.xTaskGetSchedulerState
                0x08001bbc       0x20 ../../Target/debug/obj/tasks.o
                0x08001bbc                xTaskGetSchedulerState
 .text.xTaskPriorityDisinherit
                0x08001bdc       0x90 ../../Target/debug/obj/tasks.o
                0x08001bdc                xTaskPriorityDisinherit
 .text.prvGetNextExpireTime
                0x08001c6c       0x20 ../../Target/debug/obj/timers.o
 .text.prvInsertTimerInActiveList
                0x08001c8c       0x48 ../../Target/debug/obj/timers.o
 .text.prvCheckForValidListAndQueue
                0x08001cd4       0x70 ../../Target/debug/obj/timers.o
 .text.xTimerCreateTimerTask
                0x08001d44       0x64 ../../Target/debug/obj/timers.o
                0x08001d44                xTimerCreateTimerTask
 .text.xTimerGenericCommand
                0x08001da8       0x6c ../../Target/debug/obj/timers.o
                0x08001da8                xTimerGenericCommand
 .text.prvSwitchTimerLists
                0x08001e14       0x7c ../../Target/debug/obj/timers.o
 .text.prvSampleTimeNow
                0x08001e90       0x2c ../../Target/debug/obj/timers.o
 .text.prvProcessExpiredTimer
                0x08001ebc       0x6c ../../Target/debug/obj/timers.o
 .text.prvProcessTimerOrBlockTask
                0x08001f28       0x74 ../../Target/debug/obj/timers.o
 .text.prvProcessReceivedCommands
                0x08001f9c      0x124 ../../Target/debug/obj/timers.o
 .text.prvTimerTask
                0x080020c0       0x16 ../../Target/debug/obj/timers.o
 *fill*         0x080020d6        0x2 
 .text.NVIC_InitHandler
                0x080020d8       0x8c ../../Target/debug/obj/main.o
                0x080020d8                NVIC_InitHandler
 .text.main     0x08002164       0xd8 ../../Target/debug/obj/main.o
                0x08002164                main
 .text.Can_Init
                0x0800223c       0x44 ../../Target/debug/obj/Can.o
                0x0800223c                Can_Init
 .text.Can_SetControllerMode
                0x08002280       0x30 ../../Target/debug/obj/Can.o
                0x08002280                Can_SetControllerMode
 .text.Can_Write
                0x080022b0       0x18 ../../Target/debug/obj/Can.o
                0x080022b0                Can_Write
 .text.Can_MainFunction_BusOff
                0x080022c8       0x48 ../../Target/debug/obj/Can.o
                0x080022c8                Can_MainFunction_BusOff
 .text.Can_MainFunction_Mode
                0x08002310       0x24 ../../Target/debug/obj/Can.o
                0x08002310                Can_MainFunction_Mode
 .text.BxCan_SetControllerToSleepMode
                0x08002334       0x48 ../../Target/debug/obj/Can_Flexcan.o
 .text.BxCan_SetControllerToWakeupMode
                0x0800237c       0x70 ../../Target/debug/obj/Can_Flexcan.o
 .text.BxCan_SetControllerToStopMode
                0x080023ec       0xe4 ../../Target/debug/obj/Can_Flexcan.o
 .text.BxCan_InitController
                0x080024d0      0x394 ../../Target/debug/obj/Can_Flexcan.o
                0x080024d0                BxCan_InitController
 .text.BxCan_SetControllerToStartMode
                0x08002864       0xa0 ../../Target/debug/obj/Can_Flexcan.o
 .text.BxCan_CheckBusOff
                0x08002904       0x16 ../../Target/debug/obj/Can_Flexcan.o
                0x08002904                BxCan_CheckBusOff
 *fill*         0x0800291a        0x2 
 .text.CAN_GetRxMessage
                0x0800291c      0x14c ../../Target/debug/obj/Can_Flexcan.o
                0x0800291c                CAN_GetRxMessage
 .text.BxCan_Write
                0x08002a68       0xd4 ../../Target/debug/obj/Can_Flexcan.o
                0x08002a68                BxCan_Write
 .text.BxCan_ProcessBusOff
                0x08002b3c       0x12 ../../Target/debug/obj/Can_Flexcan.o
                0x08002b3c                BxCan_ProcessBusOff
 *fill*         0x08002b4e        0x2 
 .text.BxCan_MainFunctionMode
                0x08002b50       0x48 ../../Target/debug/obj/Can_Flexcan.o
                0x08002b50                BxCan_MainFunctionMode
 .text.BxCan_SetControllerMode
                0x08002b98       0x34 ../../Target/debug/obj/Can_Flexcan.o
                0x08002b98                BxCan_SetControllerMode
 .text.BxCan_RxFifo0MsgPendingCallback
                0x08002bcc       0x10 ../../Target/debug/obj/Can_Flexcan.o
                0x08002bcc                BxCan_RxFifo0MsgPendingCallback
 .text.CanTxProcess
                0x08002bdc       0xb4 ../../Target/debug/obj/Can_Irq.o
                0x08002bdc                CanTxProcess
 .text.CanRxProcess
                0x08002c90       0xd0 ../../Target/debug/obj/Can_Irq.o
                0x08002c90                CanRxProcess
 .text.Dio_ReadChannel
                0x08002d60       0x28 ../../Target/debug/obj/Dio.o
                0x08002d60                Dio_ReadChannel
 .text.Dio_WriteChannel
                0x08002d88       0x4c ../../Target/debug/obj/Dio.o
                0x08002d88                Dio_WriteChannel
 .text.TIM2_IRQ_Handler
                0x08002dd4       0x1a ../../Target/debug/obj/Gpt_Cfg.o
                0x08002dd4                TIM2_IRQ_Handler
 .text.TIM5_IRQ_Handler
                0x08002dee       0x20 ../../Target/debug/obj/Gpt_Cfg.o
                0x08002dee                TIM5_IRQ_Handler
 *fill*         0x08002e0e        0x2 
 .text.Gpt_InitArch
                0x08002e10      0xaf0 ../../Target/debug/obj/Gpt.o
 .text.Gpt_Ch_StartTimer
                0x08003900       0xc0 ../../Target/debug/obj/Gpt.o
 .text.Gpt_Init
                0x080039c0       0x28 ../../Target/debug/obj/Gpt.o
                0x080039c0                Gpt_Init
 .text.Gpt_StartTimer
                0x080039e8        0x8 ../../Target/debug/obj/Gpt.o
                0x080039e8                Gpt_StartTimer
 .text.Gpt_EnableNotification
                0x080039f0       0xa4 ../../Target/debug/obj/Gpt.o
                0x080039f0                Gpt_EnableNotification
 .text.Gpt_DisbleNotification
                0x08003a94       0xa8 ../../Target/debug/obj/Gpt.o
                0x08003a94                Gpt_DisbleNotification
 .text.Mcu_Pwr_Init
                0x08003b3c       0x18 ../../Target/debug/obj/Mcu.o
 .text.Mcu_Flash_Init
                0x08003b54       0x50 ../../Target/debug/obj/Mcu.o
 .text.Mcu_AllPeriphralReset
                0x08003ba4       0xa8 ../../Target/debug/obj/Mcu.o
 .text.Mcu_AHB1Init
                0x08003c4c       0x30 ../../Target/debug/obj/Mcu.o
 .text.Mcu_APB1Init
                0x08003c7c       0x58 ../../Target/debug/obj/Mcu.o
 .text.Mcu_APB2Init
                0x08003cd4       0x1c ../../Target/debug/obj/Mcu.o
 .text.Mcu_Init
                0x08003cf0       0x28 ../../Target/debug/obj/Mcu.o
                0x08003cf0                Mcu_Init
 .text.Mcu_InitClock
                0x08003d18      0x110 ../../Target/debug/obj/Mcu.o
                0x08003d18                Mcu_InitClock
 .text.Mcu_GetPllStatus
                0x08003e28       0x28 ../../Target/debug/obj/Mcu.o
                0x08003e28                Mcu_GetPllStatus
 .text.Mcu_DistributePllClock
                0x08003e50       0x20 ../../Target/debug/obj/Mcu.o
                0x08003e50                Mcu_DistributePllClock
 .text.Port_InitArch
                0x08003e70      0x160 ../../Target/debug/obj/Port.o
 .text.Port_Init
                0x08003fd0       0x28 ../../Target/debug/obj/Port.o
                0x08003fd0                Port_Init
 .text.vTask1ms
                0x08003ff8        0xe ../../Target/debug/obj/Os_Callout.o
                0x08003ff8                vTask1ms
 .text.vTask5ms
                0x08004006       0x16 ../../Target/debug/obj/Os_Callout.o
                0x08004006                vTask5ms
 .text.vTask10ms
                0x0800401c        0xe ../../Target/debug/obj/Os_Callout.o
                0x0800401c                vTask10ms
 .text.SysTick_Handler
                0x0800402a       0x18 ../../Target/debug/obj/Os_Callout.o
                0x0800402a                SysTick_Handler
 .text.CAN1_TXIRQHandler
                0x08004042        0x8 ../../Target/debug/obj/IntSrc.o
                0x08004042                CAN1_TXIRQHandler
 .text.CAN1_RX0IRQHandler
                0x0800404a        0x8 ../../Target/debug/obj/IntSrc.o
                0x0800404a                CAN1_RX0IRQHandler
 .text.CAN1_RX1IRQHandler
                0x08004052        0x8 ../../Target/debug/obj/IntSrc.o
                0x08004052                CAN1_RX1IRQHandler
 .text.SystemInit
                0x0800405a        0x2 ../../Target/debug/obj/system_stm32f4xx.o
                0x0800405a                SystemInit
 .text.Reset_Handler
                0x0800405c       0x50 ../../Target/debug/obj/startup_stm32f407vgtx.o
                0x0800405c                Reset_Handler
 .text.Default_Handler
                0x080040ac        0x2 ../../Target/debug/obj/startup_stm32f407vgtx.o
                0x080040ac                RTC_Alarm_IRQHandler
                0x080040ac                HASH_RNG_IRQHandler
                0x080040ac                EXTI2_IRQHandler
                0x080040ac                TIM8_CC_IRQHandler
                0x080040ac                DebugMon_Handler
                0x080040ac                TIM1_CC_IRQHandler
                0x080040ac                DMA2_Stream5_IRQHandler
                0x080040ac                HardFault_Handler
                0x080040ac                DMA1_Stream5_IRQHandler
                0x080040ac                PVD_IRQHandler
                0x080040ac                SDIO_IRQHandler
                0x080040ac                TAMP_STAMP_IRQHandler
                0x080040ac                NMI_Handler
                0x080040ac                CAN2_RX1_IRQHandler
                0x080040ac                EXTI3_IRQHandler
                0x080040ac                TIM8_TRG_COM_TIM14_IRQHandler
                0x080040ac                TIM1_UP_TIM10_IRQHandler
                0x080040ac                TIM8_UP_TIM13_IRQHandler
                0x080040ac                I2C3_ER_IRQHandler
                0x080040ac                EXTI0_IRQHandler
                0x080040ac                I2C2_EV_IRQHandler
                0x080040ac                DMA1_Stream2_IRQHandler
                0x080040ac                CAN1_RX0_IRQHandler
                0x080040ac                FPU_IRQHandler
                0x080040ac                OTG_HS_WKUP_IRQHandler
                0x080040ac                UsageFault_Handler
                0x080040ac                CAN2_SCE_IRQHandler
                0x080040ac                DMA2_Stream2_IRQHandler
                0x080040ac                SPI1_IRQHandler
                0x080040ac                TIM6_DAC_IRQHandler
                0x080040ac                TIM1_BRK_TIM9_IRQHandler
                0x080040ac                DCMI_IRQHandler
                0x080040ac                CAN2_RX0_IRQHandler
                0x080040ac                DMA2_Stream3_IRQHandler
                0x080040ac                USART6_IRQHandler
                0x080040ac                USART3_IRQHandler
                0x080040ac                CAN1_RX1_IRQHandler
                0x080040ac                UART5_IRQHandler
                0x080040ac                DMA2_Stream0_IRQHandler
                0x080040ac                TIM4_IRQHandler
                0x080040ac                I2C1_EV_IRQHandler
                0x080040ac                DMA1_Stream6_IRQHandler
                0x080040ac                DMA1_Stream1_IRQHandler
                0x080040ac                UART4_IRQHandler
                0x080040ac                TIM3_IRQHandler
                0x080040ac                RCC_IRQHandler
                0x080040ac                TIM8_BRK_TIM12_IRQHandler
                0x080040ac                Default_Handler
                0x080040ac                EXTI15_10_IRQHandler
                0x080040ac                ADC_IRQHandler
                0x080040ac                DMA1_Stream7_IRQHandler
                0x080040ac                TIM7_IRQHandler
                0x080040ac                CAN2_TX_IRQHandler
                0x080040ac                TIM5_IRQHandler
                0x080040ac                DMA2_Stream7_IRQHandler
                0x080040ac                I2C3_EV_IRQHandler
                0x080040ac                EXTI9_5_IRQHandler
                0x080040ac                RTC_WKUP_IRQHandler
                0x080040ac                ETH_WKUP_IRQHandler
                0x080040ac                SPI2_IRQHandler
                0x080040ac                OTG_HS_EP1_IN_IRQHandler
                0x080040ac                MemManage_Handler
                0x080040ac                DMA1_Stream0_IRQHandler
                0x080040ac                CAN1_TX_IRQHandler
                0x080040ac                EXTI4_IRQHandler
                0x080040ac                FSMC_IRQHandler
                0x080040ac                ETH_IRQHandler
                0x080040ac                OTG_HS_EP1_OUT_IRQHandler
                0x080040ac                WWDG_IRQHandler
                0x080040ac                TIM2_IRQHandler
                0x080040ac                OTG_FS_WKUP_IRQHandler
                0x080040ac                TIM1_TRG_COM_TIM11_IRQHandler
                0x080040ac                OTG_HS_IRQHandler
                0x080040ac                EXTI1_IRQHandler
                0x080040ac                USART2_IRQHandler
                0x080040ac                I2C2_ER_IRQHandler
                0x080040ac                DMA2_Stream1_IRQHandler
                0x080040ac                CAN1_SCE_IRQHandler
                0x080040ac                FLASH_IRQHandler
                0x080040ac                DMA2_Stream4_IRQHandler
                0x080040ac                BusFault_Handler
                0x080040ac                USART1_IRQHandler
                0x080040ac                OTG_FS_IRQHandler
                0x080040ac                SPI3_IRQHandler
                0x080040ac                DMA1_Stream4_IRQHandler
                0x080040ac                I2C1_ER_IRQHandler
                0x080040ac                DMA2_Stream6_IRQHandler
                0x080040ac                DMA1_Stream3_IRQHandler
 *fill*         0x080040ae        0x2 
 .text.__libc_init_array
                0x080040b0       0x48 d:/armgcc_v10_3/armgcc_v10_3/bin/../lib/gcc/arm-none-eabi/10.3.1/../../../../arm-none-eabi/lib/thumb/v7e-m+fp/hard\libg_nano.a(lib_a-init.o)
                0x080040b0                __libc_init_array
 .text.memcpy   0x080040f8       0x1c d:/armgcc_v10_3/armgcc_v10_3/bin/../lib/gcc/arm-none-eabi/10.3.1/../../../../arm-none-eabi/lib/thumb/v7e-m+fp/hard\libg_nano.a(lib_a-memcpy-stub.o)
                0x080040f8                memcpy
 .text.memset   0x08004114       0x10 d:/armgcc_v10_3/armgcc_v10_3/bin/../lib/gcc/arm-none-eabi/10.3.1/../../../../arm-none-eabi/lib/thumb/v7e-m+fp/hard\libg_nano.a(lib_a-memset.o)
                0x08004114                memset
 *(.glue_7)
 .glue_7        0x08004124        0x0 linker stubs
 *(.glue_7t)
 .glue_7t       0x08004124        0x0 linker stubs
 *(.eh_frame)
 .eh_frame      0x08004124        0x0 d:/armgcc_v10_3/armgcc_v10_3/bin/../lib/gcc/arm-none-eabi/10.3.1/thumb/v7e-m+fp/hard/crtbegin.o
 *(.init)
 .init          0x08004124        0x4 d:/armgcc_v10_3/armgcc_v10_3/bin/../lib/gcc/arm-none-eabi/10.3.1/thumb/v7e-m+fp/hard/crti.o
                0x08004124                _init
 .init          0x08004128        0x8 d:/armgcc_v10_3/armgcc_v10_3/bin/../lib/gcc/arm-none-eabi/10.3.1/thumb/v7e-m+fp/hard/crtn.o
 *(.fini)
 .fini          0x08004130        0x4 d:/armgcc_v10_3/armgcc_v10_3/bin/../lib/gcc/arm-none-eabi/10.3.1/thumb/v7e-m+fp/hard/crti.o
                0x08004130                _fini
 .fini          0x08004134        0x8 d:/armgcc_v10_3/armgcc_v10_3/bin/../lib/gcc/arm-none-eabi/10.3.1/thumb/v7e-m+fp/hard/crtn.o
                0x0800413c                . = ALIGN (0x4)
                0x0800413c                _etext = .

.vfp11_veneer   0x0800413c        0x0
 .vfp11_veneer  0x0800413c        0x0 linker stubs

.v4_bx          0x0800413c        0x0
 .v4_bx         0x0800413c        0x0 linker stubs

.iplt           0x0800413c        0x0
 .iplt          0x0800413c        0x0 d:/armgcc_v10_3/armgcc_v10_3/bin/../lib/gcc/arm-none-eabi/10.3.1/thumb/v7e-m+fp/hard/crtbegin.o

.rodata         0x0800413c      0x638
                0x0800413c                . = ALIGN (0x4)
 *(.rodata)
 *(.rodata*)
 .rodata.vTaskStartScheduler.str1.4
                0x0800413c        0x5 ../../Target/debug/obj/tasks.o
 *fill*         0x08004141        0x3 
 .rodata.prvCheckForValidListAndQueue.str1.4
                0x08004144        0x5 ../../Target/debug/obj/timers.o
 *fill*         0x08004149        0x3 
 .rodata.xTimerCreateTimerTask.str1.4
                0x0800414c        0x8 ../../Target/debug/obj/timers.o
 .rodata.CanHWFilterConfig
                0x08004154        0x8 ../../Target/debug/obj/Can_Cfg.o
 .rodata.CanRxFilterConfig
                0x0800415c       0x48 ../../Target/debug/obj/Can_Cfg.o
 .rodata.Can_ConfigSet
                0x080041a4       0x28 ../../Target/debug/obj/Can_Cfg.o
                0x080041a4                Can_ConfigSet
 .rodata.ControlerDescriptorsConfig
                0x080041cc       0x14 ../../Target/debug/obj/Can_Cfg.o
 .rodata.ControllerBaudrateCfgSet
                0x080041e0       0x18 ../../Target/debug/obj/Can_Cfg.o
 .rodata.MessageBufferConfigs
                0x080041f8       0x78 ../../Target/debug/obj/Can_Cfg.o
 .rodata.Gpt_Config
                0x08004270        0x8 ../../Target/debug/obj/Gpt_Cfg.o
                0x08004270                Gpt_Config
 .rodata.Gpt_TimConfigDefault
                0x08004278      0x150 ../../Target/debug/obj/Gpt_Cfg.o
 .rodata.Port_Config
                0x080043c8        0x8 ../../Target/debug/obj/Port_Cfg.o
                0x080043c8                Port_Config
 .rodata.Port_aPinConfigDefault
                0x080043d0      0x320 ../../Target/debug/obj/Port_Cfg.o
 .rodata.str1.4
                0x080046f0       0x16 ../../Target/debug/obj/Os_Callout.o
 *fill*         0x08004706        0x2 
 .rodata.Task1_attributes
                0x08004708       0x24 ../../Target/debug/obj/Os_Callout.o
                0x08004708                Task1_attributes
 .rodata.Task2_attributes
                0x0800472c       0x24 ../../Target/debug/obj/Os_Callout.o
                0x0800472c                Task2_attributes
 .rodata.Task3_attributes
                0x08004750       0x24 ../../Target/debug/obj/Os_Callout.o
                0x08004750                Task3_attributes
                0x08004774                . = ALIGN (0x4)

.rel.dyn        0x08004774        0x0
 .rel.iplt      0x08004774        0x0 d:/armgcc_v10_3/armgcc_v10_3/bin/../lib/gcc/arm-none-eabi/10.3.1/thumb/v7e-m+fp/hard/crtbegin.o

.ARM.extab      0x08004774        0x0
                0x08004774                . = ALIGN (0x4)
 *(.ARM.extab* .gnu.linkonce.armextab.*)
                0x08004774                . = ALIGN (0x4)

.ARM            0x08004774        0x0
                0x08004774                . = ALIGN (0x4)
                0x08004774                __exidx_start = .
 *(.ARM.exidx*)
                0x08004774                __exidx_end = .
                0x08004774                . = ALIGN (0x4)

.preinit_array  0x08004774        0x0
                0x08004774                . = ALIGN (0x4)
                0x08004774                PROVIDE (__preinit_array_start = .)
 *(.preinit_array*)
                0x08004774                PROVIDE (__preinit_array_end = .)
                0x08004774                . = ALIGN (0x4)

.init_array     0x08004774        0x4
                0x08004774                . = ALIGN (0x4)
                0x08004774                PROVIDE (__init_array_start = .)
 *(SORT_BY_NAME(.init_array.*))
 *(.init_array*)
 .init_array    0x08004774        0x4 d:/armgcc_v10_3/armgcc_v10_3/bin/../lib/gcc/arm-none-eabi/10.3.1/thumb/v7e-m+fp/hard/crtbegin.o
                0x08004778                PROVIDE (__init_array_end = .)
                0x08004778                . = ALIGN (0x4)

.fini_array     0x08004778        0x4
                0x08004778                . = ALIGN (0x4)
                [!provide]                PROVIDE (__fini_array_start = .)
 *(SORT_BY_NAME(.fini_array.*))
 *(.fini_array*)
 .fini_array    0x08004778        0x4 d:/armgcc_v10_3/armgcc_v10_3/bin/../lib/gcc/arm-none-eabi/10.3.1/thumb/v7e-m+fp/hard/crtbegin.o
                [!provide]                PROVIDE (__fini_array_end = .)
                0x0800477c                . = ALIGN (0x4)
                0x0800477c                _sidata = LOADADDR (.data)

.data           0x20000000      0x144 load address 0x0800477c
                0x20000000                . = ALIGN (0x4)
                0x20000000                _sdata = .
 *(.data)
 *(.data*)
 .data.LedToggleSt.3
                0x20000000        0x1 ../../Target/debug/obj/ApplicationGateway.o
 *fill*         0x20000001        0x1 
 .data.LedToggleTime.2
                0x20000002        0x2 ../../Target/debug/obj/ApplicationGateway.o
 .data.SduData  0x20000004        0x8 ../../Target/debug/obj/ApplicationGateway.o
                0x20000004                SduData
 .data.message  0x2000000c        0xc ../../Target/debug/obj/ApplicationGateway.o
                0x2000000c                message
 .data.uxCriticalNesting
                0x20000018        0x4 ../../Target/debug/obj/ARM_port.o
 .data.FLASH_ConfigSet
                0x2000001c        0xc ../../Target/debug/obj/Mcu_Config.o
                0x2000001c                FLASH_ConfigSet
 .data.Mcu_ClockConfigSet
                0x20000028       0xfc ../../Target/debug/obj/Mcu_Config.o
                0x20000028                Mcu_ClockConfigSet
 .data.Mcu_ConfigSet
                0x20000124        0xc ../../Target/debug/obj/Mcu_Config.o
                0x20000124                Mcu_ConfigSet
 .data.PWR_ConfigSet
                0x20000130        0xe ../../Target/debug/obj/Mcu_Config.o
                0x20000130                PWR_ConfigSet
 *fill*         0x2000013e        0x2 
 .data.SystemCoreClock
                0x20000140        0x4 ../../Target/debug/obj/system_stm32f4xx.o
                0x20000140                SystemCoreClock
                0x20000144                . = ALIGN (0x4)
                0x20000144                _edata = .
                0x080048c0                _siccmram = LOADADDR (.ccmram)

.igot.plt       0x20000144        0x0 load address 0x080048c0
 .igot.plt      0x20000144        0x0 d:/armgcc_v10_3/armgcc_v10_3/bin/../lib/gcc/arm-none-eabi/10.3.1/thumb/v7e-m+fp/hard/crtbegin.o

.ccmram         0x10000000        0x0 load address 0x080048c0
                0x10000000                . = ALIGN (0x4)
                0x10000000                _sccmram = .
 *(.ccmram)
 *(.ccmram*)
                0x10000000                . = ALIGN (0x4)
                0x10000000                _eccmram = .
                0x10000000                . = ALIGN (0x4)

.bss            0x20000144     0x49f4
                0x20000144                _sbss = .
                0x20000144                __bss_start__ = _sbss
 *(.bss)
 .bss           0x20000144       0x1c d:/armgcc_v10_3/armgcc_v10_3/bin/../lib/gcc/arm-none-eabi/10.3.1/thumb/v7e-m+fp/hard/crtbegin.o
 *(.bss*)
 .bss.DoorOpenLockUnlock.1
                0x20000160        0x1 ../../Target/debug/obj/ApplicationGateway.o
 .bss.Toggle_Port_100ms.0
                0x20000161        0x1 ../../Target/debug/obj/ApplicationGateway.o
 .bss.Toggle_Port_10ms.4
                0x20000162        0x1 ../../Target/debug/obj/ApplicationGateway.o
 .bss.Door_Contact_Sensor
                0x20000163        0x1 ../../Target/debug/obj/SignalProcessor.o
                0x20000163                Door_Contact_Sensor
 .bss.Rte_CtInput_Car_Speed_data
                0x20000164        0x1 ../../Target/debug/obj/SignalProcessor.o
                0x20000164                Rte_CtInput_Car_Speed_data
 .bss.Rte_CtInput_Child_Lock_Button
                0x20000165        0x1 ../../Target/debug/obj/SignalProcessor.o
                0x20000165                Rte_CtInput_Child_Lock_Button
 .bss.Rte_CtInput_Door_Contact_SensorData
                0x20000166        0x1 ../../Target/debug/obj/SignalProcessor.o
                0x20000166                Rte_CtInput_Door_Contact_SensorData
 .bss.Rte_CtInput_Ignition_Information
                0x20000167        0x1 ../../Target/debug/obj/SignalProcessor.o
                0x20000167                Rte_CtInput_Ignition_Information
 .bss.Rte_CtInput_Seat_Belt_Status
                0x20000168        0x1 ../../Target/debug/obj/SignalProcessor.o
                0x20000168                Rte_CtInput_Seat_Belt_Status
 .bss.Rte_CtInput_Turn_Indicator_Input_Sensor
                0x20000169        0x1 ../../Target/debug/obj/SignalProcessor.o
                0x20000169                Rte_CtInput_Turn_Indicator_Input_Sensor
 .bss.Rte_CtInput_Turn_Indicator_State
                0x2000016a        0x1 ../../Target/debug/obj/SignalProcessor.o
                0x2000016a                Rte_CtInput_Turn_Indicator_State
 .bss.Rte_CtInput_Window_Lifter_Control_Input
                0x2000016b        0x1 ../../Target/debug/obj/SignalProcessor.o
                0x2000016b                Rte_CtInput_Window_Lifter_Control_Input
 .bss.Rte_CtInput_Wireless_Key_ButtonLock_Unlock
                0x2000016c        0x1 ../../Target/debug/obj/SignalProcessor.o
                0x2000016c                Rte_CtInput_Wireless_Key_ButtonLock_Unlock
 .bss.Seat_Belt_Status
                0x2000016d        0x1 ../../Target/debug/obj/SignalProcessor.o
                0x2000016d                Seat_Belt_Status
 .bss.Toggle_Port.0
                0x2000016e        0x1 ../../Target/debug/obj/SignalProcessor.o
 *fill*         0x2000016f        0x1 
 .bss.receivedMessage
                0x20000170       0x3c ../../Target/debug/obj/SignalProcessor.o
                0x20000170                receivedMessage
 .bss.msr_06    0x200001ac        0x4 ../../Target/debug/obj/SchM_Can.o
 .bss.reentry_guard_06
                0x200001b0        0x4 ../../Target/debug/obj/SchM_Can.o
 .bss.Idle_Stack.2
                0x200001b4      0x200 ../../Target/debug/obj/cmsis_os2.o
 .bss.Idle_TCB.3
                0x200003b4       0x5c ../../Target/debug/obj/cmsis_os2.o
 .bss.KernelState
                0x20000410        0x4 ../../Target/debug/obj/cmsis_os2.o
 .bss.Timer_Stack.0
                0x20000414      0x400 ../../Target/debug/obj/cmsis_os2.o
 .bss.Timer_TCB.1
                0x20000814       0x5c ../../Target/debug/obj/cmsis_os2.o
 .bss.ucMaxSysCallPriority
                0x20000870        0x1 ../../Target/debug/obj/ARM_port.o
 *fill*         0x20000871        0x3 
 .bss.ulMaxPRIGROUPValue
                0x20000874        0x4 ../../Target/debug/obj/ARM_port.o
 .bss.pxEnd     0x20000878        0x4 ../../Target/debug/obj/heap_4.o
 .bss.ucHeap    0x2000087c     0x3c00 ../../Target/debug/obj/heap_4.o
 .bss.xBlockAllocatedBit
                0x2000447c        0x4 ../../Target/debug/obj/heap_4.o
 .bss.xFreeBytesRemaining
                0x20004480        0x4 ../../Target/debug/obj/heap_4.o
 .bss.xMinimumEverFreeBytesRemaining
                0x20004484        0x4 ../../Target/debug/obj/heap_4.o
 .bss.xNumberOfSuccessfulAllocations
                0x20004488        0x4 ../../Target/debug/obj/heap_4.o
 .bss.xNumberOfSuccessfulFrees
                0x2000448c        0x4 ../../Target/debug/obj/heap_4.o
 .bss.xStart    0x20004490        0x8 ../../Target/debug/obj/heap_4.o
 .bss.xQueueRegistry
                0x20004498       0x40 ../../Target/debug/obj/queue.o
                0x20004498                xQueueRegistry
 .bss.pxCurrentTCB
                0x200044d8        0x4 ../../Target/debug/obj/tasks.o
                0x200044d8                pxCurrentTCB
 .bss.pxDelayedTaskList
                0x200044dc        0x4 ../../Target/debug/obj/tasks.o
 .bss.pxOverflowDelayedTaskList
                0x200044e0        0x4 ../../Target/debug/obj/tasks.o
 .bss.pxReadyTasksLists
                0x200044e4      0x460 ../../Target/debug/obj/tasks.o
 .bss.uxCurrentNumberOfTasks
                0x20004944        0x4 ../../Target/debug/obj/tasks.o
 .bss.uxDeletedTasksWaitingCleanUp
                0x20004948        0x4 ../../Target/debug/obj/tasks.o
 .bss.uxSchedulerSuspended
                0x2000494c        0x4 ../../Target/debug/obj/tasks.o
 .bss.uxTaskNumber
                0x20004950        0x4 ../../Target/debug/obj/tasks.o
 .bss.uxTopReadyPriority
                0x20004954        0x4 ../../Target/debug/obj/tasks.o
 .bss.xDelayedTaskList1
                0x20004958       0x14 ../../Target/debug/obj/tasks.o
 .bss.xDelayedTaskList2
                0x2000496c       0x14 ../../Target/debug/obj/tasks.o
 .bss.xIdleTaskHandle
                0x20004980        0x4 ../../Target/debug/obj/tasks.o
 .bss.xNextTaskUnblockTime
                0x20004984        0x4 ../../Target/debug/obj/tasks.o
 .bss.xNumOfOverflows
                0x20004988        0x4 ../../Target/debug/obj/tasks.o
 .bss.xPendedTicks
                0x2000498c        0x4 ../../Target/debug/obj/tasks.o
 .bss.xPendingReadyList
                0x20004990       0x14 ../../Target/debug/obj/tasks.o
 .bss.xSchedulerRunning
                0x200049a4        0x4 ../../Target/debug/obj/tasks.o
 .bss.xSuspendedTaskList
                0x200049a8       0x14 ../../Target/debug/obj/tasks.o
 .bss.xTasksWaitingTermination
                0x200049bc       0x14 ../../Target/debug/obj/tasks.o
 .bss.xTickCount
                0x200049d0        0x4 ../../Target/debug/obj/tasks.o
 .bss.xYieldPending
                0x200049d4        0x4 ../../Target/debug/obj/tasks.o
 .bss.pxCurrentTimerList
                0x200049d8        0x4 ../../Target/debug/obj/timers.o
 .bss.pxOverflowTimerList
                0x200049dc        0x4 ../../Target/debug/obj/timers.o
 .bss.ucStaticTimerQueueStorage.1
                0x200049e0       0xa0 ../../Target/debug/obj/timers.o
 .bss.xActiveTimerList1
                0x20004a80       0x14 ../../Target/debug/obj/timers.o
 .bss.xActiveTimerList2
                0x20004a94       0x14 ../../Target/debug/obj/timers.o
 .bss.xLastTime.2
                0x20004aa8        0x4 ../../Target/debug/obj/timers.o
 .bss.xStaticTimerQueue.0
                0x20004aac       0x50 ../../Target/debug/obj/timers.o
 .bss.xTimerQueue
                0x20004afc        0x4 ../../Target/debug/obj/timers.o
 .bss.xTimerTaskHandle
                0x20004b00        0x4 ../../Target/debug/obj/timers.o
 .bss.Task1Handle
                0x20004b04        0x4 ../../Target/debug/obj/main.o
                0x20004b04                Task1Handle
 .bss.Task2Handle
                0x20004b08        0x4 ../../Target/debug/obj/main.o
                0x20004b08                Task2Handle
 .bss.Task3Handle
                0x20004b0c        0x4 ../../Target/debug/obj/main.o
                0x20004b0c                Task3Handle
 .bss.Can_eDriverStatus
                0x20004b10        0x1 ../../Target/debug/obj/Can.o
                0x20004b10                Can_eDriverStatus
 *fill*         0x20004b11        0x3 
 .bss.Can_pCurrentConfig
                0x20004b14        0x4 ../../Target/debug/obj/Can.o
                0x20004b14                Can_pCurrentConfig
 .bss.Can_ControllerStatus
                0x20004b18       0x10 ../../Target/debug/obj/Can_Flexcan.o
                0x20004b18                Can_ControllerStatus
 .bss.Gpt_ConfigPtr
                0x20004b28        0x4 ../../Target/debug/obj/Gpt.o
 .bss.Gpt_DriverStatus
                0x20004b2c        0x1 ../../Target/debug/obj/Gpt.o
 .bss.status.0  0x20004b2d        0x1 ../../Target/debug/obj/Mcu.o
 *fill*         0x20004b2e        0x2 
 .bss.Port_ConfigPtr
                0x20004b30        0x4 ../../Target/debug/obj/Port.o
 .bss.Port_DriverStatus
                0x20004b34        0x1 ../../Target/debug/obj/Port.o
 *(COMMON)
                0x20004b38                . = ALIGN (0x4)
 *fill*         0x20004b35        0x3 
                0x20004b38                _ebss = .
                0x20004b38                __bss_end__ = _ebss

._user_heap_stack
                0x20004b38      0x600
                0x20004b38                . = ALIGN (0x8)
                [!provide]                PROVIDE (end = .)
                [!provide]                PROVIDE (_end = .)
                0x20004d38                . = (. + _Min_Heap_Size)
 *fill*         0x20004b38      0x200 
                0x20005138                . = (. + _Min_Stack_Size)
 *fill*         0x20004d38      0x400 
                0x20005138                . = ALIGN (0x8)

/DISCARD/
 libc.a(*)
 libm.a(*)
 libgcc.a(*)

.ARM.attributes
                0x00000000       0x30
 *(.ARM.attributes)
 .ARM.attributes
                0x00000000       0x1e d:/armgcc_v10_3/armgcc_v10_3/bin/../lib/gcc/arm-none-eabi/10.3.1/thumb/v7e-m+fp/hard/crti.o
 .ARM.attributes
                0x0000001e       0x34 d:/armgcc_v10_3/armgcc_v10_3/bin/../lib/gcc/arm-none-eabi/10.3.1/thumb/v7e-m+fp/hard/crtbegin.o
 .ARM.attributes
                0x00000052       0x34 ../../Target/debug/obj/ApplicationGateway.o
 .ARM.attributes
                0x00000086       0x34 ../../Target/debug/obj/SignalProcessor.o
 .ARM.attributes
                0x000000ba       0x34 ../../Target/debug/obj/SchM_Can.o
 .ARM.attributes
                0x000000ee       0x34 ../../Target/debug/obj/cmsis_os2.o
 .ARM.attributes
                0x00000122       0x34 ../../Target/debug/obj/list.o
 .ARM.attributes
                0x00000156       0x34 ../../Target/debug/obj/ARM_port.o
 .ARM.attributes
                0x0000018a       0x34 ../../Target/debug/obj/heap_4.o
 .ARM.attributes
                0x000001be       0x34 ../../Target/debug/obj/queue.o
 .ARM.attributes
                0x000001f2       0x34 ../../Target/debug/obj/tasks.o
 .ARM.attributes
                0x00000226       0x34 ../../Target/debug/obj/timers.o
 .ARM.attributes
                0x0000025a       0x34 ../../Target/debug/obj/main.o
 .ARM.attributes
                0x0000028e       0x34 ../../Target/debug/obj/Can_Cfg.o
 .ARM.attributes
                0x000002c2       0x34 ../../Target/debug/obj/Can.o
 .ARM.attributes
                0x000002f6       0x34 ../../Target/debug/obj/Can_Flexcan.o
 .ARM.attributes
                0x0000032a       0x34 ../../Target/debug/obj/Can_Irq.o
 .ARM.attributes
                0x0000035e       0x34 ../../Target/debug/obj/Dio.o
 .ARM.attributes
                0x00000392       0x34 ../../Target/debug/obj/Gpt_Cfg.o
 .ARM.attributes
                0x000003c6       0x34 ../../Target/debug/obj/Gpt.o
 .ARM.attributes
                0x000003fa       0x34 ../../Target/debug/obj/Mcu_Config.o
 .ARM.attributes
                0x0000042e       0x34 ../../Target/debug/obj/Mcu.o
 .ARM.attributes
                0x00000462       0x34 ../../Target/debug/obj/Port_Cfg.o
 .ARM.attributes
                0x00000496       0x34 ../../Target/debug/obj/Port.o
 .ARM.attributes
                0x000004ca       0x34 ../../Target/debug/obj/Os_Callout.o
 .ARM.attributes
                0x000004fe       0x34 ../../Target/debug/obj/IntSrc.o
 .ARM.attributes
                0x00000532       0x34 ../../Target/debug/obj/system_stm32f4xx.o
 .ARM.attributes
                0x00000566       0x21 ../../Target/debug/obj/startup_stm32f407vgtx.o
 .ARM.attributes
                0x00000587       0x34 d:/armgcc_v10_3/armgcc_v10_3/bin/../lib/gcc/arm-none-eabi/10.3.1/../../../../arm-none-eabi/lib/thumb/v7e-m+fp/hard\libg_nano.a(lib_a-init.o)
 .ARM.attributes
                0x000005bb       0x34 d:/armgcc_v10_3/armgcc_v10_3/bin/../lib/gcc/arm-none-eabi/10.3.1/../../../../arm-none-eabi/lib/thumb/v7e-m+fp/hard\libg_nano.a(lib_a-memcpy-stub.o)
 .ARM.attributes
                0x000005ef       0x34 d:/armgcc_v10_3/armgcc_v10_3/bin/../lib/gcc/arm-none-eabi/10.3.1/../../../../arm-none-eabi/lib/thumb/v7e-m+fp/hard\libg_nano.a(lib_a-memset.o)
 .ARM.attributes
                0x00000623       0x1e d:/armgcc_v10_3/armgcc_v10_3/bin/../lib/gcc/arm-none-eabi/10.3.1/thumb/v7e-m+fp/hard/crtn.o
OUTPUT(../../Target/debug/bin/output_debug.elf elf32-littlearm)
LOAD linker stubs
LOAD d:/armgcc_v10_3/armgcc_v10_3/bin/../lib/gcc/arm-none-eabi/10.3.1/../../../../arm-none-eabi/lib/thumb/v7e-m+fp/hard\libc.a
LOAD d:/armgcc_v10_3/armgcc_v10_3/bin/../lib/gcc/arm-none-eabi/10.3.1/../../../../arm-none-eabi/lib/thumb/v7e-m+fp/hard\libm.a
LOAD d:/armgcc_v10_3/armgcc_v10_3/bin/../lib/gcc/arm-none-eabi/10.3.1/thumb/v7e-m+fp/hard\libgcc.a

.debug_info     0x00000000    0x18b98
 .debug_info    0x00000000      0x635 ../../Target/debug/obj/ApplicationGateway.o
 .debug_info    0x00000635      0x461 ../../Target/debug/obj/SignalProcessor.o
 .debug_info    0x00000a96      0xb53 ../../Target/debug/obj/SchM_Can.o
 .debug_info    0x000015e9     0x4aef ../../Target/debug/obj/cmsis_os2.o
 .debug_info    0x000060d8      0x2d9 ../../Target/debug/obj/list.o
 .debug_info    0x000063b1      0x580 ../../Target/debug/obj/ARM_port.o
 .debug_info    0x00006931      0x5d2 ../../Target/debug/obj/heap_4.o
 .debug_info    0x00006f03     0x2817 ../../Target/debug/obj/queue.o
 .debug_info    0x0000971a     0x3182 ../../Target/debug/obj/tasks.o
 .debug_info    0x0000c89c     0x1ab2 ../../Target/debug/obj/timers.o
 .debug_info    0x0000e34e     0x28c3 ../../Target/debug/obj/main.o
 .debug_info    0x00010c11      0xb1d ../../Target/debug/obj/Can_Cfg.o
 .debug_info    0x0001172e      0xb54 ../../Target/debug/obj/Can.o
 .debug_info    0x00012282     0x13f0 ../../Target/debug/obj/Can_Flexcan.o
 .debug_info    0x00013672      0x12b ../../Target/debug/obj/Can_Irq.o
 .debug_info    0x0001379d      0x1b8 ../../Target/debug/obj/Dio.o
 .debug_info    0x00013955      0x3d5 ../../Target/debug/obj/Gpt_Cfg.o
 .debug_info    0x00013d2a      0x58e ../../Target/debug/obj/Gpt.o
 .debug_info    0x000142b8     0x1ac1 ../../Target/debug/obj/Mcu_Config.o
 .debug_info    0x00015d79     0x1d3b ../../Target/debug/obj/Mcu.o
 .debug_info    0x00017ab4      0x330 ../../Target/debug/obj/Port_Cfg.o
 .debug_info    0x00017de4      0x3e3 ../../Target/debug/obj/Port.o
 .debug_info    0x000181c7      0x4ff ../../Target/debug/obj/Os_Callout.o
 .debug_info    0x000186c6      0x12a ../../Target/debug/obj/IntSrc.o
 .debug_info    0x000187f0      0x386 ../../Target/debug/obj/system_stm32f4xx.o
 .debug_info    0x00018b76       0x22 ../../Target/debug/obj/startup_stm32f407vgtx.o

.debug_abbrev   0x00000000     0x2e4d
 .debug_abbrev  0x00000000      0x206 ../../Target/debug/obj/ApplicationGateway.o
 .debug_abbrev  0x00000206      0x1f7 ../../Target/debug/obj/SignalProcessor.o
 .debug_abbrev  0x000003fd       0xb7 ../../Target/debug/obj/SchM_Can.o
 .debug_abbrev  0x000004b4      0x52f ../../Target/debug/obj/cmsis_os2.o
 .debug_abbrev  0x000009e3      0x106 ../../Target/debug/obj/list.o
 .debug_abbrev  0x00000ae9      0x26b ../../Target/debug/obj/ARM_port.o
 .debug_abbrev  0x00000d54      0x24b ../../Target/debug/obj/heap_4.o
 .debug_abbrev  0x00000f9f      0x378 ../../Target/debug/obj/queue.o
 .debug_abbrev  0x00001317      0x313 ../../Target/debug/obj/tasks.o
 .debug_abbrev  0x0000162a      0x30c ../../Target/debug/obj/timers.o
 .debug_abbrev  0x00001936      0x2b4 ../../Target/debug/obj/main.o
 .debug_abbrev  0x00001bea      0x150 ../../Target/debug/obj/Can_Cfg.o
 .debug_abbrev  0x00001d3a      0x1d9 ../../Target/debug/obj/Can.o
 .debug_abbrev  0x00001f13      0x2fb ../../Target/debug/obj/Can_Flexcan.o
 .debug_abbrev  0x0000220e       0xb2 ../../Target/debug/obj/Can_Irq.o
 .debug_abbrev  0x000022c0       0xa4 ../../Target/debug/obj/Dio.o
 .debug_abbrev  0x00002364       0xf1 ../../Target/debug/obj/Gpt_Cfg.o
 .debug_abbrev  0x00002455      0x1a9 ../../Target/debug/obj/Gpt.o
 .debug_abbrev  0x000025fe       0xd7 ../../Target/debug/obj/Mcu_Config.o
 .debug_abbrev  0x000026d5      0x208 ../../Target/debug/obj/Mcu.o
 .debug_abbrev  0x000028dd       0xca ../../Target/debug/obj/Port_Cfg.o
 .debug_abbrev  0x000029a7      0x151 ../../Target/debug/obj/Port.o
 .debug_abbrev  0x00002af8      0x1b1 ../../Target/debug/obj/Os_Callout.o
 .debug_abbrev  0x00002ca9       0x79 ../../Target/debug/obj/IntSrc.o
 .debug_abbrev  0x00002d22      0x119 ../../Target/debug/obj/system_stm32f4xx.o
 .debug_abbrev  0x00002e3b       0x12 ../../Target/debug/obj/startup_stm32f407vgtx.o

.debug_loc      0x00000000     0xc608
 .debug_loc     0x00000000      0x334 ../../Target/debug/obj/ApplicationGateway.o
 .debug_loc     0x00000334      0x1f1 ../../Target/debug/obj/SignalProcessor.o
 .debug_loc     0x00000525       0x15 ../../Target/debug/obj/SchM_Can.o
 .debug_loc     0x0000053a     0x515a ../../Target/debug/obj/cmsis_os2.o
 .debug_loc     0x00005694       0xad ../../Target/debug/obj/list.o
 .debug_loc     0x00005741      0x124 ../../Target/debug/obj/ARM_port.o
 .debug_loc     0x00005865      0x434 ../../Target/debug/obj/heap_4.o
 .debug_loc     0x00005c99     0x1ac6 ../../Target/debug/obj/queue.o
 .debug_loc     0x0000775f     0x24cd ../../Target/debug/obj/tasks.o
 .debug_loc     0x00009c2c     0x1156 ../../Target/debug/obj/timers.o
 .debug_loc     0x0000ad82      0x23b ../../Target/debug/obj/main.o
 .debug_loc     0x0000afbd      0x2ec ../../Target/debug/obj/Can.o
 .debug_loc     0x0000b2a9      0xdf2 ../../Target/debug/obj/Can_Flexcan.o
 .debug_loc     0x0000c09b       0x3c ../../Target/debug/obj/Can_Irq.o
 .debug_loc     0x0000c0d7      0x18c ../../Target/debug/obj/Dio.o
 .debug_loc     0x0000c263       0xfb ../../Target/debug/obj/Gpt.o
 .debug_loc     0x0000c35e       0x6c ../../Target/debug/obj/Mcu.o
 .debug_loc     0x0000c3ca       0x62 ../../Target/debug/obj/Port.o
 .debug_loc     0x0000c42c       0x84 ../../Target/debug/obj/Os_Callout.o
 .debug_loc     0x0000c4b0      0x158 ../../Target/debug/obj/system_stm32f4xx.o

.debug_aranges  0x00000000      0xe10
 .debug_aranges
                0x00000000       0x68 ../../Target/debug/obj/ApplicationGateway.o
 .debug_aranges
                0x00000068       0x38 ../../Target/debug/obj/SignalProcessor.o
 .debug_aranges
                0x000000a0      0x210 ../../Target/debug/obj/SchM_Can.o
 .debug_aranges
                0x000002b0      0x298 ../../Target/debug/obj/cmsis_os2.o
 .debug_aranges
                0x00000548       0x40 ../../Target/debug/obj/list.o
 .debug_aranges
                0x00000588       0x80 ../../Target/debug/obj/ARM_port.o
 .debug_aranges
                0x00000608       0x58 ../../Target/debug/obj/heap_4.o
 .debug_aranges
                0x00000660      0x158 ../../Target/debug/obj/queue.o
 .debug_aranges
                0x000007b8      0x208 ../../Target/debug/obj/tasks.o
 .debug_aranges
                0x000009c0       0xf0 ../../Target/debug/obj/timers.o
 .debug_aranges
                0x00000ab0       0x30 ../../Target/debug/obj/main.o
 .debug_aranges
                0x00000ae0       0x18 ../../Target/debug/obj/Can_Cfg.o
 .debug_aranges
                0x00000af8       0x40 ../../Target/debug/obj/Can.o
 .debug_aranges
                0x00000b38       0x78 ../../Target/debug/obj/Can_Flexcan.o
 .debug_aranges
                0x00000bb0       0x30 ../../Target/debug/obj/Can_Irq.o
 .debug_aranges
                0x00000be0       0x28 ../../Target/debug/obj/Dio.o
 .debug_aranges
                0x00000c08       0x28 ../../Target/debug/obj/Gpt_Cfg.o
 .debug_aranges
                0x00000c30       0x50 ../../Target/debug/obj/Gpt.o
 .debug_aranges
                0x00000c80       0x18 ../../Target/debug/obj/Mcu_Config.o
 .debug_aranges
                0x00000c98       0x70 ../../Target/debug/obj/Mcu.o
 .debug_aranges
                0x00000d08       0x18 ../../Target/debug/obj/Port_Cfg.o
 .debug_aranges
                0x00000d20       0x28 ../../Target/debug/obj/Port.o
 .debug_aranges
                0x00000d48       0x40 ../../Target/debug/obj/Os_Callout.o
 .debug_aranges
                0x00000d88       0x38 ../../Target/debug/obj/IntSrc.o
 .debug_aranges
                0x00000dc0       0x28 ../../Target/debug/obj/system_stm32f4xx.o
 .debug_aranges
                0x00000de8       0x28 ../../Target/debug/obj/startup_stm32f407vgtx.o

.debug_ranges   0x00000000      0xea8
 .debug_ranges  0x00000000       0x58 ../../Target/debug/obj/ApplicationGateway.o
 .debug_ranges  0x00000058       0x40 ../../Target/debug/obj/SignalProcessor.o
 .debug_ranges  0x00000098      0x200 ../../Target/debug/obj/SchM_Can.o
 .debug_ranges  0x00000298      0x2a0 ../../Target/debug/obj/cmsis_os2.o
 .debug_ranges  0x00000538       0x30 ../../Target/debug/obj/list.o
 .debug_ranges  0x00000568       0x88 ../../Target/debug/obj/ARM_port.o
 .debug_ranges  0x000005f0       0x48 ../../Target/debug/obj/heap_4.o
 .debug_ranges  0x00000638      0x218 ../../Target/debug/obj/queue.o
 .debug_ranges  0x00000850      0x328 ../../Target/debug/obj/tasks.o
 .debug_ranges  0x00000b78       0xe0 ../../Target/debug/obj/timers.o
 .debug_ranges  0x00000c58       0x20 ../../Target/debug/obj/main.o
 .debug_ranges  0x00000c78       0x30 ../../Target/debug/obj/Can.o
 .debug_ranges  0x00000ca8       0x68 ../../Target/debug/obj/Can_Flexcan.o
 .debug_ranges  0x00000d10       0x20 ../../Target/debug/obj/Can_Irq.o
 .debug_ranges  0x00000d30       0x18 ../../Target/debug/obj/Dio.o
 .debug_ranges  0x00000d48       0x18 ../../Target/debug/obj/Gpt_Cfg.o
 .debug_ranges  0x00000d60       0x40 ../../Target/debug/obj/Gpt.o
 .debug_ranges  0x00000da0       0x60 ../../Target/debug/obj/Mcu.o
 .debug_ranges  0x00000e00       0x18 ../../Target/debug/obj/Port.o
 .debug_ranges  0x00000e18       0x30 ../../Target/debug/obj/Os_Callout.o
 .debug_ranges  0x00000e48       0x28 ../../Target/debug/obj/IntSrc.o
 .debug_ranges  0x00000e70       0x18 ../../Target/debug/obj/system_stm32f4xx.o
 .debug_ranges  0x00000e88       0x20 ../../Target/debug/obj/startup_stm32f407vgtx.o

.debug_line     0x00000000     0xd636
 .debug_line    0x00000000      0x410 ../../Target/debug/obj/ApplicationGateway.o
 .debug_line    0x00000410      0x28b ../../Target/debug/obj/SignalProcessor.o
 .debug_line    0x0000069b      0xfb6 ../../Target/debug/obj/SchM_Can.o
 .debug_line    0x00001651     0x29af ../../Target/debug/obj/cmsis_os2.o
 .debug_line    0x00004000      0x339 ../../Target/debug/obj/list.o
 .debug_line    0x00004339      0x723 ../../Target/debug/obj/ARM_port.o
 .debug_line    0x00004a5c      0x6fc ../../Target/debug/obj/heap_4.o
 .debug_line    0x00005158     0x1fcc ../../Target/debug/obj/queue.o
 .debug_line    0x00007124     0x2ca1 ../../Target/debug/obj/tasks.o
 .debug_line    0x00009dc5      0xefa ../../Target/debug/obj/timers.o
 .debug_line    0x0000acbf      0x55f ../../Target/debug/obj/main.o
 .debug_line    0x0000b21e      0x149 ../../Target/debug/obj/Can_Cfg.o
 .debug_line    0x0000b367      0x328 ../../Target/debug/obj/Can.o
 .debug_line    0x0000b68f      0x9e8 ../../Target/debug/obj/Can_Flexcan.o
 .debug_line    0x0000c077      0x221 ../../Target/debug/obj/Can_Irq.o
 .debug_line    0x0000c298      0x16e ../../Target/debug/obj/Dio.o
 .debug_line    0x0000c406      0x11e ../../Target/debug/obj/Gpt_Cfg.o
 .debug_line    0x0000c524      0x3ab ../../Target/debug/obj/Gpt.o
 .debug_line    0x0000c8cf       0xb7 ../../Target/debug/obj/Mcu_Config.o
 .debug_line    0x0000c986      0x2b0 ../../Target/debug/obj/Mcu.o
 .debug_line    0x0000cc36       0xdd ../../Target/debug/obj/Port_Cfg.o
 .debug_line    0x0000cd13      0x1bb ../../Target/debug/obj/Port.o
 .debug_line    0x0000cece      0x366 ../../Target/debug/obj/Os_Callout.o
 .debug_line    0x0000d234       0xfd ../../Target/debug/obj/IntSrc.o
 .debug_line    0x0000d331      0x253 ../../Target/debug/obj/system_stm32f4xx.o
 .debug_line    0x0000d584       0xb2 ../../Target/debug/obj/startup_stm32f407vgtx.o

.debug_str      0x00000000     0x89f3
 .debug_str     0x00000000      0x66d ../../Target/debug/obj/ApplicationGateway.o
                                0x6b8 (size before relaxing)
 .debug_str     0x0000066d      0x1c1 ../../Target/debug/obj/SignalProcessor.o
                                0x50b (size before relaxing)
 .debug_str     0x0000082e      0xc1e ../../Target/debug/obj/SchM_Can.o
                                0xdf0 (size before relaxing)
 .debug_str     0x0000144c     0x1f2e ../../Target/debug/obj/cmsis_os2.o
                               0x21ba (size before relaxing)
 .debug_str     0x0000337a      0x150 ../../Target/debug/obj/list.o
                                0x36c (size before relaxing)
 .debug_str     0x000034ca      0x25c ../../Target/debug/obj/ARM_port.o
                                0x4f0 (size before relaxing)
 .debug_str     0x00003726      0x2e9 ../../Target/debug/obj/heap_4.o
                                0x57a (size before relaxing)
 .debug_str     0x00003a0f      0x639 ../../Target/debug/obj/queue.o
                                0xd82 (size before relaxing)
 .debug_str     0x00004048      0x90a ../../Target/debug/obj/tasks.o
                               0x1351 (size before relaxing)
 .debug_str     0x00004952      0x4f9 ../../Target/debug/obj/timers.o
                                0xcb2 (size before relaxing)
 .debug_str     0x00004e4b     0x1cfe ../../Target/debug/obj/main.o
                               0x29b5 (size before relaxing)
 .debug_str     0x00006b49      0xa55 ../../Target/debug/obj/Can_Cfg.o
                                0xd18 (size before relaxing)
 .debug_str     0x0000759e      0x1b7 ../../Target/debug/obj/Can.o
                                0xdc7 (size before relaxing)
 .debug_str     0x00007755      0x40d ../../Target/debug/obj/Can_Flexcan.o
                               0x123b (size before relaxing)
 .debug_str     0x00007b62       0x7f ../../Target/debug/obj/Can_Irq.o
                                0x294 (size before relaxing)
 .debug_str     0x00007be1       0x87 ../../Target/debug/obj/Dio.o
                                0x2a2 (size before relaxing)
 .debug_str     0x00007c68      0x31c ../../Target/debug/obj/Gpt_Cfg.o
                                0x510 (size before relaxing)
 .debug_str     0x00007f84      0x142 ../../Target/debug/obj/Gpt.o
                                0x638 (size before relaxing)
 .debug_str     0x000080c6       0x80 ../../Target/debug/obj/Mcu_Config.o
                               0x1d86 (size before relaxing)
 .debug_str     0x00008146      0x19a ../../Target/debug/obj/Mcu.o
                               0x1f44 (size before relaxing)
 .debug_str     0x000082e0      0x35e ../../Target/debug/obj/Port_Cfg.o
                                0x544 (size before relaxing)
 .debug_str     0x0000863e       0xda ../../Target/debug/obj/Port.o
                                0x5d4 (size before relaxing)
 .debug_str     0x00008718       0x8a ../../Target/debug/obj/Os_Callout.o
                                0x7de (size before relaxing)
 .debug_str     0x000087a2       0x91 ../../Target/debug/obj/IntSrc.o
                                0x294 (size before relaxing)
 .debug_str     0x00008833      0x160 ../../Target/debug/obj/system_stm32f4xx.o
                                0x3aa (size before relaxing)
 .debug_str     0x00008993       0x60 ../../Target/debug/obj/startup_stm32f407vgtx.o
                                 0x92 (size before relaxing)

.comment        0x00000000       0x49
 .comment       0x00000000       0x49 ../../Target/debug/obj/ApplicationGateway.o
                                 0x4a (size before relaxing)
 .comment       0x00000049       0x4a ../../Target/debug/obj/SignalProcessor.o
 .comment       0x00000049       0x4a ../../Target/debug/obj/SchM_Can.o
 .comment       0x00000049       0x4a ../../Target/debug/obj/cmsis_os2.o
 .comment       0x00000049       0x4a ../../Target/debug/obj/list.o
 .comment       0x00000049       0x4a ../../Target/debug/obj/ARM_port.o
 .comment       0x00000049       0x4a ../../Target/debug/obj/heap_4.o
 .comment       0x00000049       0x4a ../../Target/debug/obj/queue.o
 .comment       0x00000049       0x4a ../../Target/debug/obj/tasks.o
 .comment       0x00000049       0x4a ../../Target/debug/obj/timers.o
 .comment       0x00000049       0x4a ../../Target/debug/obj/main.o
 .comment       0x00000049       0x4a ../../Target/debug/obj/Can_Cfg.o
 .comment       0x00000049       0x4a ../../Target/debug/obj/Can.o
 .comment       0x00000049       0x4a ../../Target/debug/obj/Can_Flexcan.o
 .comment       0x00000049       0x4a ../../Target/debug/obj/Can_Irq.o
 .comment       0x00000049       0x4a ../../Target/debug/obj/Dio.o
 .comment       0x00000049       0x4a ../../Target/debug/obj/Gpt_Cfg.o
 .comment       0x00000049       0x4a ../../Target/debug/obj/Gpt.o
 .comment       0x00000049       0x4a ../../Target/debug/obj/Mcu_Config.o
 .comment       0x00000049       0x4a ../../Target/debug/obj/Mcu.o
 .comment       0x00000049       0x4a ../../Target/debug/obj/Port_Cfg.o
 .comment       0x00000049       0x4a ../../Target/debug/obj/Port.o
 .comment       0x00000049       0x4a ../../Target/debug/obj/Os_Callout.o
 .comment       0x00000049       0x4a ../../Target/debug/obj/IntSrc.o
 .comment       0x00000049       0x4a ../../Target/debug/obj/system_stm32f4xx.o

.debug_frame    0x00000000     0x259c
 .debug_frame   0x00000000       0xf4 ../../Target/debug/obj/ApplicationGateway.o
 .debug_frame   0x000000f4       0x74 ../../Target/debug/obj/SignalProcessor.o
 .debug_frame   0x00000168      0x4f8 ../../Target/debug/obj/SchM_Can.o
 .debug_frame   0x00000660      0x8e8 ../../Target/debug/obj/cmsis_os2.o
 .debug_frame   0x00000f48       0x70 ../../Target/debug/obj/list.o
 .debug_frame   0x00000fb8      0x110 ../../Target/debug/obj/ARM_port.o
 .debug_frame   0x000010c8       0xd0 ../../Target/debug/obj/heap_4.o
 .debug_frame   0x00001198      0x458 ../../Target/debug/obj/queue.o
 .debug_frame   0x000015f0      0x68c ../../Target/debug/obj/tasks.o
 .debug_frame   0x00001c7c      0x30c ../../Target/debug/obj/timers.o
 .debug_frame   0x00001f88       0x54 ../../Target/debug/obj/main.o
 .debug_frame   0x00001fdc       0x94 ../../Target/debug/obj/Can.o
 .debug_frame   0x00002070      0x12c ../../Target/debug/obj/Can_Flexcan.o
 .debug_frame   0x0000219c       0x48 ../../Target/debug/obj/Can_Irq.o
 .debug_frame   0x000021e4       0x3c ../../Target/debug/obj/Dio.o
 .debug_frame   0x00002220       0x30 ../../Target/debug/obj/Gpt_Cfg.o
 .debug_frame   0x00002250       0x9c ../../Target/debug/obj/Gpt.o
 .debug_frame   0x000022ec       0xc8 ../../Target/debug/obj/Mcu.o
 .debug_frame   0x000023b4       0x54 ../../Target/debug/obj/Port.o
 .debug_frame   0x00002408       0x80 ../../Target/debug/obj/Os_Callout.o
 .debug_frame   0x00002488       0x70 ../../Target/debug/obj/IntSrc.o
 .debug_frame   0x000024f8       0x30 ../../Target/debug/obj/system_stm32f4xx.o
 .debug_frame   0x00002528       0x2c d:/armgcc_v10_3/armgcc_v10_3/bin/../lib/gcc/arm-none-eabi/10.3.1/../../../../arm-none-eabi/lib/thumb/v7e-m+fp/hard\libg_nano.a(lib_a-init.o)
 .debug_frame   0x00002554       0x28 d:/armgcc_v10_3/armgcc_v10_3/bin/../lib/gcc/arm-none-eabi/10.3.1/../../../../arm-none-eabi/lib/thumb/v7e-m+fp/hard\libg_nano.a(lib_a-memcpy-stub.o)
 .debug_frame   0x0000257c       0x20 d:/armgcc_v10_3/armgcc_v10_3/bin/../lib/gcc/arm-none-eabi/10.3.1/../../../../arm-none-eabi/lib/thumb/v7e-m+fp/hard\libg_nano.a(lib_a-memset.o)
